Archive member included because of file (symbol)

c:/program files (x86)/atmel/atmel toolchain/avr32 gcc/native/3.4.1052/avr32-gnu-toolchain/bin/../lib/gcc/avr32/4.4.7/../../../../avr32/lib/ucr2\libc.a(lib_a-atexit.o)
                              c:/program files (x86)/atmel/atmel toolchain/avr32 gcc/native/3.4.1052/avr32-gnu-toolchain/bin/../lib/gcc/avr32/4.4.7/../../../../avr32/lib/ucr2/crt0.o (atexit)
c:/program files (x86)/atmel/atmel toolchain/avr32 gcc/native/3.4.1052/avr32-gnu-toolchain/bin/../lib/gcc/avr32/4.4.7/../../../../avr32/lib/ucr2\libc.a(lib_a-exit.o)
                              c:/program files (x86)/atmel/atmel toolchain/avr32 gcc/native/3.4.1052/avr32-gnu-toolchain/bin/../lib/gcc/avr32/4.4.7/../../../../avr32/lib/ucr2/crt0.o (exit)
c:/program files (x86)/atmel/atmel toolchain/avr32 gcc/native/3.4.1052/avr32-gnu-toolchain/bin/../lib/gcc/avr32/4.4.7/../../../../avr32/lib/ucr2\libc.a(lib_a-impure.o)
                              c:/program files (x86)/atmel/atmel toolchain/avr32 gcc/native/3.4.1052/avr32-gnu-toolchain/bin/../lib/gcc/avr32/4.4.7/../../../../avr32/lib/ucr2\libc.a(lib_a-exit.o) (_global_impure_ptr)
c:/program files (x86)/atmel/atmel toolchain/avr32 gcc/native/3.4.1052/avr32-gnu-toolchain/bin/../lib/gcc/avr32/4.4.7/../../../../avr32/lib/ucr2\libc.a(lib_a-syscalls.o)
                              c:/program files (x86)/atmel/atmel toolchain/avr32 gcc/native/3.4.1052/avr32-gnu-toolchain/bin/../lib/gcc/avr32/4.4.7/../../../../avr32/lib/ucr2/crt0.o (_init_startup)
c:/program files (x86)/atmel/atmel toolchain/avr32 gcc/native/3.4.1052/avr32-gnu-toolchain/bin/../lib/gcc/avr32/4.4.7/../../../../avr32/lib/ucr2\libc.a(lib_a-__atexit.o)
                              c:/program files (x86)/atmel/atmel toolchain/avr32 gcc/native/3.4.1052/avr32-gnu-toolchain/bin/../lib/gcc/avr32/4.4.7/../../../../avr32/lib/ucr2\libc.a(lib_a-atexit.o) (__register_exitproc)
c:/program files (x86)/atmel/atmel toolchain/avr32 gcc/native/3.4.1052/avr32-gnu-toolchain/bin/../lib/gcc/avr32/4.4.7/../../../../avr32/lib/ucr2\libc.a(lib_a-__call_atexit.o)
                              c:/program files (x86)/atmel/atmel toolchain/avr32 gcc/native/3.4.1052/avr32-gnu-toolchain/bin/../lib/gcc/avr32/4.4.7/../../../../avr32/lib/ucr2\libc.a(lib_a-exit.o) (__call_exitprocs)
c:/program files (x86)/atmel/atmel toolchain/avr32 gcc/native/3.4.1052/avr32-gnu-toolchain/bin/../lib/gcc/avr32/4.4.7/../../../../avr32/lib/ucr2\libc.a(lib_a-errno.o)
                              c:/program files (x86)/atmel/atmel toolchain/avr32 gcc/native/3.4.1052/avr32-gnu-toolchain/bin/../lib/gcc/avr32/4.4.7/../../../../avr32/lib/ucr2\libc.a(lib_a-syscalls.o) (__errno)
c:/program files (x86)/atmel/atmel toolchain/avr32 gcc/native/3.4.1052/avr32-gnu-toolchain/bin/../lib/gcc/avr32/4.4.7/../../../../avr32/lib/ucr2\libc.a(lib_a-findfp.o)
                              c:/program files (x86)/atmel/atmel toolchain/avr32 gcc/native/3.4.1052/avr32-gnu-toolchain/bin/../lib/gcc/avr32/4.4.7/../../../../avr32/lib/ucr2\libc.a(lib_a-impure.o) (__sf_fake_stdin)
c:/program files (x86)/atmel/atmel toolchain/avr32 gcc/native/3.4.1052/avr32-gnu-toolchain/bin/../lib/gcc/avr32/4.4.7/../../../../avr32/lib/ucr2\libc.a(lib_a-fwalk.o)
                              c:/program files (x86)/atmel/atmel toolchain/avr32 gcc/native/3.4.1052/avr32-gnu-toolchain/bin/../lib/gcc/avr32/4.4.7/../../../../avr32/lib/ucr2\libc.a(lib_a-findfp.o) (_fwalk)
c:/program files (x86)/atmel/atmel toolchain/avr32 gcc/native/3.4.1052/avr32-gnu-toolchain/bin/../lib/gcc/avr32/4.4.7/../../../../avr32/lib/ucr2\libc.a(lib_a-malloc.o)
                              c:/program files (x86)/atmel/atmel toolchain/avr32 gcc/native/3.4.1052/avr32-gnu-toolchain/bin/../lib/gcc/avr32/4.4.7/../../../../avr32/lib/ucr2\libc.a(lib_a-__call_atexit.o) (free)
c:/program files (x86)/atmel/atmel toolchain/avr32 gcc/native/3.4.1052/avr32-gnu-toolchain/bin/../lib/gcc/avr32/4.4.7/../../../../avr32/lib/ucr2\libc.a(lib_a-mallocr.o)
                              c:/program files (x86)/atmel/atmel toolchain/avr32 gcc/native/3.4.1052/avr32-gnu-toolchain/bin/../lib/gcc/avr32/4.4.7/../../../../avr32/lib/ucr2\libc.a(lib_a-findfp.o) (_malloc_r)
c:/program files (x86)/atmel/atmel toolchain/avr32 gcc/native/3.4.1052/avr32-gnu-toolchain/bin/../lib/gcc/avr32/4.4.7/../../../../avr32/lib/ucr2\libc.a(lib_a-memset.o)
                              c:/program files (x86)/atmel/atmel toolchain/avr32 gcc/native/3.4.1052/avr32-gnu-toolchain/bin/../lib/gcc/avr32/4.4.7/../../../../avr32/lib/ucr2\libc.a(lib_a-findfp.o) (memset)
c:/program files (x86)/atmel/atmel toolchain/avr32 gcc/native/3.4.1052/avr32-gnu-toolchain/bin/../lib/gcc/avr32/4.4.7/../../../../avr32/lib/ucr2\libc.a(lib_a-mlock.o)
                              c:/program files (x86)/atmel/atmel toolchain/avr32 gcc/native/3.4.1052/avr32-gnu-toolchain/bin/../lib/gcc/avr32/4.4.7/../../../../avr32/lib/ucr2\libc.a(lib_a-mallocr.o) (__malloc_lock)
[...]
Memory Configuration

Name             Origin             Length             Attributes
FLASH            0x80000000         0x00020000         axrl !w
CPUSRAM          0x00000004         0x00007ffc         axw !rl
USERPAGE         0x80800000         0x00000200
FACTORYPAGE      0x80800200         0x00000200
*default*        0x00000000         0xffffffff

Linker script and memory map

                0x00001000                _stack_size = 0x1000
LOAD c:/program files (x86)/atmel/atmel toolchain/avr32 gcc/native/3.4.1052/avr32-gnu-toolchain/bin/../lib/gcc/avr32/4.4.7/../../../../avr32/lib/ucr2/crt0.o
LOAD c:/program files (x86)/atmel/atmel toolchain/avr32 gcc/native/3.4.1052/avr32-gnu-toolchain/bin/../lib/gcc/avr32/4.4.7/ucr2/crti.o
LOAD c:/program files (x86)/atmel/atmel toolchain/avr32 gcc/native/3.4.1052/avr32-gnu-toolchain/bin/../lib/gcc/avr32/4.4.7/ucr2/crtbegin.o
LOAD ScratchBot.o
START GROUP
END GROUP
LOAD c:/program files (x86)/atmel/atmel toolchain/avr32 gcc/native/3.4.1052/avr32-gnu-toolchain/bin/../lib/gcc/avr32/4.4.7/ucr2\libstdc++.a
LOAD c:/program files (x86)/atmel/atmel toolchain/avr32 gcc/native/3.4.1052/avr32-gnu-toolchain/bin/../lib/gcc/avr32/4.4.7/../../../../avr32/lib/ucr2\libm.a
LOAD c:/program files (x86)/atmel/atmel toolchain/avr32 gcc/native/3.4.1052/avr32-gnu-toolchain/bin/../lib/gcc/avr32/4.4.7/ucr2\libgcc.a
LOAD c:/program files (x86)/atmel/atmel toolchain/avr32 gcc/native/3.4.1052/avr32-gnu-toolchain/bin/../lib/gcc/avr32/4.4.7/../../../../avr32/lib/ucr2\libc.a
LOAD c:/program files (x86)/atmel/atmel toolchain/avr32 gcc/native/3.4.1052/avr32-gnu-toolchain/bin/../lib/gcc/avr32/4.4.7/ucr2\libgcc.a
LOAD c:/program files (x86)/atmel/atmel toolchain/avr32 gcc/native/3.4.1052/avr32-gnu-toolchain/bin/../lib/gcc/avr32/4.4.7/ucr2/crtend.o
LOAD c:/program files (x86)/atmel/atmel toolchain/avr32 gcc/native/3.4.1052/avr32-gnu-toolchain/bin/../lib/gcc/avr32/4.4.7/ucr2/crtn.o
                0x80000000                PROVIDE (__executable_start, 0x80000000)
                0x80000000                . = 0x80000000

.interp
 *(.interp)

.reset          0x80000000        0x8
 *(.reset)
 .reset         0x80000000        0x8 c:/program files (x86)/atmel/atmel toolchain/avr32 gcc/native/3.4.1052/avr32-gnu-toolchain/bin/../lib/gcc/avr32/4.4.7/../../../../avr32/lib/ucr2/crt0.o
                0x80000000                _start

.hash
 *(.hash)

.dynsym
 *(.dynsym)

.dynstr
 *(.dynstr)

.gnu.version
 *(.gnu.version)

.gnu.version_d
 *(.gnu.version_d)

.gnu.version_r
 *(.gnu.version_r)

.rel.init
 *(.rel.init)

.rela.init
 *(.rela.init)

.rel.text
 *(.rel.text .rel.text.* .rel.gnu.linkonce.t.*)

.rela.text
 *(.rela.text .rela.text.* .rela.gnu.linkonce.t.*)

.rel.fini
 *(.rel.fini)

.rela.fini
 *(.rela.fini)

.rel.rodata
 *(.rel.rodata .rel.rodata.* .rel.gnu.linkonce.r.*)

.rela.rodata
 *(.rela.rodata .rela.rodata.* .rela.gnu.linkonce.r.*)

.rel.data.rel.ro
 *(.rel.data.rel.ro*)

.rela.data.rel.ro
 *(.rel.data.rel.ro*)

.rel.data
 *(.rel.data .rel.data.* .rel.gnu.linkonce.d.*)

.rela.data
 *(.rela.data .rela.data.* .rela.gnu.linkonce.d.*)

.rel.tdata
 *(.rel.tdata .rel.tdata.* .rel.gnu.linkonce.td.*)

.rela.tdata
 *(.rela.tdata .rela.tdata.* .rela.gnu.linkonce.td.*)

.rel.tbss
 *(.rel.tbss .rel.tbss.* .rel.gnu.linkonce.tb.*)

.rela.tbss
 *(.rela.tbss .rela.tbss.* .rela.gnu.linkonce.tb.*)

.rel.ctors
 *(.rel.ctors)

.rela.ctors
 *(.rela.ctors)

.rel.dtors
 *(.rel.dtors)

.rela.dtors
 *(.rela.dtors)

.rel.got
 *(.rel.got)

.rela.got       0x80000008        0x0
 *(.rela.got)
 .rela.got      0x80000008        0x0 c:/program files (x86)/atmel/atmel toolchain/avr32 gcc/native/3.4.1052/avr32-gnu-toolchain/bin/../lib/gcc/avr32/4.4.7/../../../../avr32/lib/ucr2/crt0.o

.rel.bss
 *(.rel.bss .rel.bss.* .rel.gnu.linkonce.b.*)

.rela.bss
 *(.rela.bss .rela.bss.* .rela.gnu.linkonce.b.*)

.rel.plt
 *(.rel.plt)

.rela.plt
 *(.rela.plt)

.init           0x80000008       0x1c
 *(.init)
 .init          0x80000008       0x10 c:/program files (x86)/atmel/atmel toolchain/avr32 gcc/native/3.4.1052/avr32-gnu-toolchain/bin/../lib/gcc/avr32/4.4.7/ucr2/crti.o
                0x80000008                _init
 .init          0x80000018        0x4 c:/program files (x86)/atmel/atmel toolchain/avr32 gcc/native/3.4.1052/avr32-gnu-toolchain/bin/../lib/gcc/avr32/4.4.7/ucr2/crtbegin.o
 .init          0x8000001c        0x4 c:/program files (x86)/atmel/atmel toolchain/avr32 gcc/native/3.4.1052/avr32-gnu-toolchain/bin/../lib/gcc/avr32/4.4.7/ucr2/crtend.o
 .init          0x80000020        0x4 c:/program files (x86)/atmel/atmel toolchain/avr32 gcc/native/3.4.1052/avr32-gnu-toolchain/bin/../lib/gcc/avr32/4.4.7/ucr2/crtn.o

.plt
 *(.plt)

.text           0x80000024      0xa18
 *(.text .stub .text.* .gnu.linkonce.t.*)
 .text          0x80000024       0x84 c:/program files (x86)/atmel/atmel toolchain/avr32 gcc/native/3.4.1052/avr32-gnu-toolchain/bin/../lib/gcc/avr32/4.4.7/../../../../avr32/lib/ucr2/crt0.o
                0x80000024                _stext
 .text          0x800000a8       0x64 c:/program files (x86)/atmel/atmel toolchain/avr32 gcc/native/3.4.1052/avr32-gnu-toolchain/bin/../lib/gcc/avr32/4.4.7/ucr2/crtbegin.o
 .text.main     0x8000010c        0x2 ScratchBot.o
                0x8000010c                main
 *fill*         0x8000010e        0x2 d703d703
 .text.atexit   0x80000110       0x14 c:/program files (x86)/atmel/atmel toolchain/avr32 gcc/native/3.4.1052/avr32-gnu-toolchain/bin/../lib/gcc/avr32/4.4.7/../../../../avr32/lib/ucr2\libc.a(lib_a-atexit.o)
                0x80000110                atexit
 .text.exit     0x80000124       0x28 c:/program files (x86)/atmel/atmel toolchain/avr32 gcc/native/3.4.1052/avr32-gnu-toolchain/bin/../lib/gcc/avr32/4.4.7/../../../../avr32/lib/ucr2\libc.a(lib_a-exit.o)
                0x80000124                exit
 .text._init_startup
                0x8000014c        0x2 c:/program files (x86)/atmel/atmel toolchain/avr32 gcc/native/3.4.1052/avr32-gnu-toolchain/bin/../lib/gcc/avr32/4.4.7/../../../../avr32/lib/ucr2\libc.a(lib_a-syscalls.o)
                0x8000014c                _init_startup
 .text._init_argv
                0x8000014e        0xa c:/program files (x86)/atmel/atmel toolchain/avr32 gcc/native/3.4.1052/avr32-gnu-toolchain/bin/../lib/gcc/avr32/4.4.7/../../../../avr32/lib/ucr2\libc.a(lib_a-syscalls.o)
                0x8000014e                _init_argv
 .text._exit    0x80000158        0xa c:/program files (x86)/atmel/atmel toolchain/avr32 gcc/native/3.4.1052/avr32-gnu-toolchain/bin/../lib/gcc/avr32/4.4.7/../../../../avr32/lib/ucr2\libc.a(lib_a-syscalls.o)
                0x80000158                _exit
 *fill*         0x80000162        0x2 d703d703
 .text._sbrk    0x80000164       0x40 c:/program files (x86)/atmel/atmel toolchain/avr32 gcc/native/3.4.1052/avr32-gnu-toolchain/bin/../lib/gcc/avr32/4.4.7/../../../../avr32/lib/ucr2\libc.a(lib_a-syscalls.o)
                0x80000164                _sbrk
 .text.__register_exitproc
                0x800001a4       0xac c:/program files (x86)/atmel/atmel toolchain/avr32 gcc/native/3.4.1052/avr32-gnu-toolchain/bin/../lib/gcc/avr32/4.4.7/../../../../avr32/lib/ucr2\libc.a(lib_a-__atexit.o)
                0x800001a4                __register_exitproc
 .text.__call_exitprocs
                0x80000250       0xd4 c:/program files (x86)/atmel/atmel toolchain/avr32 gcc/native/3.4.1052/avr32-gnu-toolchain/bin/../lib/gcc/avr32/4.4.7/../../../../avr32/lib/ucr2\libc.a(lib_a-__call_atexit.o)
                0x80000250                __call_exitprocs
 .text.__errno  0x80000324        0xc c:/program files (x86)/atmel/atmel toolchain/avr32 gcc/native/3.4.1052/avr32-gnu-toolchain/bin/../lib/gcc/avr32/4.4.7/../../../../avr32/lib/ucr2\libc.a(lib_a-errno.o)
                0x80000324                __errno
 .text.free     0x80000330       0x18 c:/program files (x86)/atmel/atmel toolchain/avr32 gcc/native/3.4.1052/avr32-gnu-toolchain/bin/../lib/gcc/avr32/4.4.7/../../../../avr32/lib/ucr2\libc.a(lib_a-malloc.o)
                0x80000330                free
 .text.malloc   0x80000348       0x18 c:/program files (x86)/atmel/atmel toolchain/avr32 gcc/native/3.4.1052/avr32-gnu-toolchain/bin/../lib/gcc/avr32/4.4.7/../../../../avr32/lib/ucr2\libc.a(lib_a-malloc.o)
                0x80000348                malloc
 .text._malloc_r
                0x80000360      0x450 c:/program files (x86)/atmel/atmel toolchain/avr32 gcc/native/3.4.1052/avr32-gnu-toolchain/bin/../lib/gcc/avr32/4.4.7/../../../../avr32/lib/ucr2\libc.a(lib_a-mallocr.o)
                0x80000360                _malloc_r
 .text.__malloc_lock
                0x800007b0        0x2 c:/program files (x86)/atmel/atmel toolchain/avr32 gcc/native/3.4.1052/avr32-gnu-toolchain/bin/../lib/gcc/avr32/4.4.7/../../../../avr32/lib/ucr2\libc.a(lib_a-mlock.o)
                0x800007b0                __malloc_lock
 .text.__malloc_unlock
                0x800007b2        0x2 c:/program files (x86)/atmel/atmel toolchain/avr32 gcc/native/3.4.1052/avr32-gnu-toolchain/bin/../lib/gcc/avr32/4.4.7/../../../../avr32/lib/ucr2\libc.a(lib_a-mlock.o)
                0x800007b2                __malloc_unlock
 .text._sbrk_r  0x800007b4       0x28 c:/program files (x86)/atmel/atmel toolchain/avr32 gcc/native/3.4.1052/avr32-gnu-toolchain/bin/../lib/gcc/avr32/4.4.7/../../../../avr32/lib/ucr2\libc.a(lib_a-sbrkr.o)
                0x800007b4                _sbrk_r
 .text._malloc_trim_r
                0x800007dc       0xa8 c:/program files (x86)/atmel/atmel toolchain/avr32 gcc/native/3.4.1052/avr32-gnu-toolchain/bin/../lib/gcc/avr32/4.4.7/../../../../avr32/lib/ucr2\libc.a(lib_a-freer.o)
                0x800007dc                _malloc_trim_r
 .text._free_r  0x80000884      0x1a0 c:/program files (x86)/atmel/atmel toolchain/avr32 gcc/native/3.4.1052/avr32-gnu-toolchain/bin/../lib/gcc/avr32/4.4.7/../../../../avr32/lib/ucr2\libc.a(lib_a-freer.o)
                0x80000884                _free_r
 .text          0x80000a24       0x18 c:/program files (x86)/atmel/atmel toolchain/avr32 gcc/native/3.4.1052/avr32-gnu-toolchain/bin/../lib/gcc/avr32/4.4.7/ucr2/crtend.o
 *(.text.*personality*)
 *(.gnu.warning)

.fini           0x80000a3c       0x18
 *(.fini)
 .fini          0x80000a3c       0x10 c:/program files (x86)/atmel/atmel toolchain/avr32 gcc/native/3.4.1052/avr32-gnu-toolchain/bin/../lib/gcc/avr32/4.4.7/ucr2/crti.o
                0x80000a3c                _fini
 .fini          0x80000a4c        0x4 c:/program files (x86)/atmel/atmel toolchain/avr32 gcc/native/3.4.1052/avr32-gnu-toolchain/bin/../lib/gcc/avr32/4.4.7/ucr2/crtbegin.o
 .fini          0x80000a50        0x4 c:/program files (x86)/atmel/atmel toolchain/avr32 gcc/native/3.4.1052/avr32-gnu-toolchain/bin/../lib/gcc/avr32/4.4.7/ucr2/crtn.o
                0x80000a54                PROVIDE (__etext, .)
                0x80000a54                PROVIDE (_etext, .)
                0x80000a54                PROVIDE (etext, .)

.rodata         0x80000a54       0x68
 *(.rodata .rodata.* .gnu.linkonce.r.*)
 .rodata.str1.4
                0x80000a54        0x4 c:/program files (x86)/atmel/atmel toolchain/avr32 gcc/native/3.4.1052/avr32-gnu-toolchain/bin/../lib/gcc/avr32/4.4.7/../../../../avr32/lib/ucr2\libc.a(lib_a-impure.o)
 .rodata._global_impure_ptr
                0x80000a58        0x4 c:/program files (x86)/atmel/atmel toolchain/avr32 gcc/native/3.4.1052/avr32-gnu-toolchain/bin/../lib/gcc/avr32/4.4.7/../../../../avr32/lib/ucr2\libc.a(lib_a-impure.o)
                0x80000a58                _global_impure_ptr
 .rodata.__sf_fake_stdin
                0x80000a5c       0x20 c:/program files (x86)/atmel/atmel toolchain/avr32 gcc/native/3.4.1052/avr32-gnu-toolchain/bin/../lib/gcc/avr32/4.4.7/../../../../avr32/lib/ucr2\libc.a(lib_a-findfp.o)
                0x80000a5c                __sf_fake_stdin
 .rodata.__sf_fake_stdout
                0x80000a7c       0x20 c:/program files (x86)/atmel/atmel toolchain/avr32 gcc/native/3.4.1052/avr32-gnu-toolchain/bin/../lib/gcc/avr32/4.4.7/../../../../avr32/lib/ucr2\libc.a(lib_a-findfp.o)
                0x80000a7c                __sf_fake_stdout
 .rodata.__sf_fake_stderr
                0x80000a9c       0x20 c:/program files (x86)/atmel/atmel toolchain/avr32 gcc/native/3.4.1052/avr32-gnu-toolchain/bin/../lib/gcc/avr32/4.4.7/../../../../avr32/lib/ucr2\libc.a(lib_a-findfp.o)
                0x80000a9c                __sf_fake_stderr

.rodata1
 *(.rodata1)

.eh_frame_hdr
 *(.eh_frame_hdr)

.eh_frame
 *(.eh_frame)

.gcc_except_table
 *(.gcc_except_table)
 *(.gcc_except_table.*)

.dalign         0x80000abc        0x4
                0x80000ac0                . = ALIGN (0x8)
 *fill*         0x80000abc        0x4 
                0x80000ac0                PROVIDE (_data_lma, .)
                0x00000004                PROVIDE (_data, ORIGIN (CPUSRAM))
                0x00000004                . = ORIGIN (CPUSRAM)

.eh_frame
 *(.eh_frame)

.gcc_except_table
 *(.gcc_except_table)
 *(.gcc_except_table.*)

.tdata
 *(.tdata .tdata.* .gnu.linkonce.td.*)

.tbss
 *(.tbss .tbss.* .gnu.linkonce.tb.*)
 *(.tcommon)
                0x00000004                PROVIDE (__preinit_array_start, ALIGN (0x4))

.preinit_array
 *(.preinit_array)
                0x00000004                PROVIDE (__preinit_array_end, .)
                0x00000004                PROVIDE (__init_array_start, .)

.init_array
 *(.init_array)
                0x00000004                PROVIDE (__init_array_end, .)
                0x00000004                PROVIDE (__fini_array_start, .)

.fini_array
 *(.fini_array)
                0x00000004                PROVIDE (__fini_array_end, .)

.ctors          0x00000004        0x8 load address 0x80000ac0
 *crtbegin*.o(.ctors)
 .ctors         0x00000004        0x4 c:/program files (x86)/atmel/atmel toolchain/avr32 gcc/native/3.4.1052/avr32-gnu-toolchain/bin/../lib/gcc/avr32/4.4.7/ucr2/crtbegin.o
 *(EXCLUDE_FILE(*crtend*.o) .ctors)
 *(SORT(.ctors.*))
 *(.ctors)
 .ctors         0x00000008        0x4 c:/program files (x86)/atmel/atmel toolchain/avr32 gcc/native/3.4.1052/avr32-gnu-toolchain/bin/../lib/gcc/avr32/4.4.7/ucr2/crtend.o

.dtors          0x0000000c        0x8 load address 0x80000ac8
 *crtbegin*.o(.dtors)
 .dtors         0x0000000c        0x4 c:/program files (x86)/atmel/atmel toolchain/avr32 gcc/native/3.4.1052/avr32-gnu-toolchain/bin/../lib/gcc/avr32/4.4.7/ucr2/crtbegin.o
 *(EXCLUDE_FILE(*crtend*.o) .dtors)
 *(SORT(.dtors.*))
 *(.dtors)
 .dtors         0x00000010        0x4 c:/program files (x86)/atmel/atmel toolchain/avr32 gcc/native/3.4.1052/avr32-gnu-toolchain/bin/../lib/gcc/avr32/4.4.7/ucr2/crtend.o
                0x00000010                __DTOR_END__

.jcr            0x00000014        0x4 load address 0x80000ad0
 *(.jcr)
 .jcr           0x00000014        0x0 c:/program files (x86)/atmel/atmel toolchain/avr32 gcc/native/3.4.1052/avr32-gnu-toolchain/bin/../lib/gcc/avr32/4.4.7/ucr2/crtbegin.o
 .jcr           0x00000014        0x4 c:/program files (x86)/atmel/atmel toolchain/avr32 gcc/native/3.4.1052/avr32-gnu-toolchain/bin/../lib/gcc/avr32/4.4.7/ucr2/crtend.o

.data.rel.ro
 *(.data.rel.ro.local)
 *(.data.rel.ro*)

.dynamic
 *(.dynamic)

.got            0x00000018        0xc load address 0x80000ad4
 *(.got.plt)
 *(.got)
 .got           0x00000018        0xc c:/program files (x86)/atmel/atmel toolchain/avr32 gcc/native/3.4.1052/avr32-gnu-toolchain/bin/../lib/gcc/avr32/4.4.7/../../../../avr32/lib/ucr2/crt0.o
                0x00000018                _GLOBAL_OFFSET_TABLE_

.data           0x00000024      0x504 load address 0x80000ae0
 *(.data .data.* .gnu.linkonce.d.*)
 .data.impure_data
                0x00000024       0xf0 c:/program files (x86)/atmel/atmel toolchain/avr32 gcc/native/3.4.1052/avr32-gnu-toolchain/bin/../lib/gcc/avr32/4.4.7/../../../../avr32/lib/ucr2\libc.a(lib_a-impure.o)
 .data._impure_ptr
                0x00000114        0x4 c:/program files (x86)/atmel/atmel toolchain/avr32 gcc/native/3.4.1052/avr32-gnu-toolchain/bin/../lib/gcc/avr32/4.4.7/../../../../avr32/lib/ucr2\libc.a(lib_a-impure.o)
                0x00000114                _impure_ptr
 .data.__malloc_av_
                0x00000118      0x408 c:/program files (x86)/atmel/atmel toolchain/avr32 gcc/native/3.4.1052/avr32-gnu-toolchain/bin/../lib/gcc/avr32/4.4.7/../../../../avr32/lib/ucr2\libc.a(lib_a-mallocr.o)
                0x00000118                __malloc_av_
 .data.__malloc_trim_threshold
                0x00000520        0x4 c:/program files (x86)/atmel/atmel toolchain/avr32 gcc/native/3.4.1052/avr32-gnu-toolchain/bin/../lib/gcc/avr32/4.4.7/../../../../avr32/lib/ucr2\libc.a(lib_a-mallocr.o)
                0x00000520                __malloc_trim_threshold
 .data.__malloc_sbrk_base
                0x00000524        0x4 c:/program files (x86)/atmel/atmel toolchain/avr32 gcc/native/3.4.1052/avr32-gnu-toolchain/bin/../lib/gcc/avr32/4.4.7/../../../../avr32/lib/ucr2\libc.a(lib_a-mallocr.o)
                0x00000524                __malloc_sbrk_base
 *(.gnu.linkonce.d.*personality*)

.data1
 *(.data1)

.balign         0x00000528        0x0 load address 0x80000fe4
                0x00000528                . = ALIGN (0x8)
                0x00000528                _edata = .
                0x00000528                _edata = .
                0x00000528                PROVIDE (edata, .)
                0x00000528                __bss_start = .

.bss            0x00000528       0x48 load address 0x80000fe4
 *(.dynbss)
 *(.bss .bss.* .gnu.linkonce.b.*)
 .bss           0x00000528        0x8 c:/program files (x86)/atmel/atmel toolchain/avr32 gcc/native/3.4.1052/avr32-gnu-toolchain/bin/../lib/gcc/avr32/4.4.7/ucr2/crtbegin.o
 .bss.cur_heap_pos.1869
                0x00000530        0x4 c:/program files (x86)/atmel/atmel toolchain/avr32 gcc/native/3.4.1052/avr32-gnu-toolchain/bin/../lib/gcc/avr32/4.4.7/../../../../avr32/lib/ucr2\libc.a(lib_a-syscalls.o)
 .bss.__malloc_max_total_mem
                0x00000534        0x4 c:/program files (x86)/atmel/atmel toolchain/avr32 gcc/native/3.4.1052/avr32-gnu-toolchain/bin/../lib/gcc/avr32/4.4.7/../../../../avr32/lib/ucr2\libc.a(lib_a-mallocr.o)
                0x00000534                __malloc_max_total_mem
 .bss.__malloc_max_sbrked_mem
                0x00000538        0x4 c:/program files (x86)/atmel/atmel toolchain/avr32 gcc/native/3.4.1052/avr32-gnu-toolchain/bin/../lib/gcc/avr32/4.4.7/../../../../avr32/lib/ucr2\libc.a(lib_a-mallocr.o)
                0x00000538                __malloc_max_sbrked_mem
 .bss.__malloc_top_pad
                0x0000053c        0x4 c:/program files (x86)/atmel/atmel toolchain/avr32 gcc/native/3.4.1052/avr32-gnu-toolchain/bin/../lib/gcc/avr32/4.4.7/../../../../avr32/lib/ucr2\libc.a(lib_a-mallocr.o)
                0x0000053c                __malloc_top_pad
 .bss.__malloc_current_mallinfo
                0x00000540       0x28 c:/program files (x86)/atmel/atmel toolchain/avr32 gcc/native/3.4.1052/avr32-gnu-toolchain/bin/../lib/gcc/avr32/4.4.7/../../../../avr32/lib/ucr2\libc.a(lib_a-mallocr.o)
                0x00000540                __malloc_current_mallinfo
 *(COMMON)
 COMMON         0x00000568        0x4 c:/program files (x86)/atmel/atmel toolchain/avr32 gcc/native/3.4.1052/avr32-gnu-toolchain/bin/../lib/gcc/avr32/4.4.7/../../../../avr32/lib/ucr2\libc.a(lib_a-reent.o)
                0x00000568                errno
                0x00000570                . = ALIGN (0x8)
 *fill*         0x0000056c        0x4 
                0x00000570                . = ALIGN (0x8)
                0x00000570                _end = .
                0x00000570                PROVIDE (end, .)
                0x00000570                __heap_start__ = ALIGN (0x8)
                0x00007000                . = ((ORIGIN (CPUSRAM) + 0x7ffc) - _stack_size)
                0x00007000                __heap_end__ = .

.stab
 *(.stab)

.stabstr
 *(.stabstr)

.stab.excl
 *(.stab.excl)

.stab.exclstr
 *(.stab.exclstr)

.stab.index
 *(.stab.index)

.stab.indexstr
 *(.stab.indexstr)

.comment        0x00000000       0x30
 *(.comment)
 .comment       0x00000000       0x30 c:/program files (x86)/atmel/atmel toolchain/avr32 gcc/native/3.4.1052/avr32-gnu-toolchain/bin/../lib/gcc/avr32/4.4.7/ucr2/crtbegin.o
                                 0x31 (size before relaxing)
 .comment       0x00000000       0x31 ScratchBot.o
 .comment       0x00000000       0x31 c:/program files (x86)/atmel/atmel toolchain/avr32 gcc/native/3.4.1052/avr32-gnu-toolchain/bin/../lib/gcc/avr32/4.4.7/../../../../avr32/lib/ucr2\libc.a(lib_a-atexit.o)
 .comment       0x00000000       0x31 c:/program files (x86)/atmel/atmel toolchain/avr32 gcc/native/3.4.1052/avr32-gnu-toolchain/bin/../lib/gcc/avr32/4.4.7/../../../../avr32/lib/ucr2\libc.a(lib_a-exit.o)
 .comment       0x00000000       0x31 c:/program files (x86)/atmel/atmel toolchain/avr32 gcc/native/3.4.1052/avr32-gnu-toolchain/bin/../lib/gcc/avr32/4.4.7/../../../../avr32/lib/ucr2\libc.a(lib_a-impure.o)
 .comment       0x00000000       0x31 c:/program files (x86)/atmel/atmel toolchain/avr32 gcc/native/3.4.1052/avr32-gnu-toolchain/bin/../lib/gcc/avr32/4.4.7/../../../../avr32/lib/ucr2\libc.a(lib_a-syscalls.o)
 .comment       0x00000000       0x31 c:/program files (x86)/atmel/atmel toolchain/avr32 gcc/native/3.4.1052/avr32-gnu-toolchain/bin/../lib/gcc/avr32/4.4.7/../../../../avr32/lib/ucr2\libc.a(lib_a-__atexit.o)
 .comment       0x00000000       0x31 c:/program files (x86)/atmel/atmel toolchain/avr32 gcc/native/3.4.1052/avr32-gnu-toolchain/bin/../lib/gcc/avr32/4.4.7/../../../../avr32/lib/ucr2\libc.a(lib_a-__call_atexit.o)
 .comment       0x00000000       0x31 c:/program files (x86)/atmel/atmel toolchain/avr32 gcc/native/3.4.1052/avr32-gnu-toolchain/bin/../lib/gcc/avr32/4.4.7/../../../../avr32/lib/ucr2\libc.a(lib_a-errno.o)
 .comment       0x00000000       0x31 c:/program files (x86)/atmel/atmel toolchain/avr32 gcc/native/3.4.1052/avr32-gnu-toolchain/bin/../lib/gcc/avr32/4.4.7/../../../../avr32/lib/ucr2\libc.a(lib_a-findfp.o)
 .comment       0x00000000       0x31 c:/program files (x86)/atmel/atmel toolchain/avr32 gcc/native/3.4.1052/avr32-gnu-toolchain/bin/../lib/gcc/avr32/4.4.7/../../../../avr32/lib/ucr2\libc.a(lib_a-malloc.o)
 .comment       0x00000000       0x31 c:/program files (x86)/atmel/atmel toolchain/avr32 gcc/native/3.4.1052/avr32-gnu-toolchain/bin/../lib/gcc/avr32/4.4.7/../../../../avr32/lib/ucr2\libc.a(lib_a-mallocr.o)
 .comment       0x00000000       0x31 c:/program files (x86)/atmel/atmel toolchain/avr32 gcc/native/3.4.1052/avr32-gnu-toolchain/bin/../lib/gcc/avr32/4.4.7/../../../../avr32/lib/ucr2\libc.a(lib_a-mlock.o)
 .comment       0x00000000       0x31 c:/program files (x86)/atmel/atmel toolchain/avr32 gcc/native/3.4.1052/avr32-gnu-toolchain/bin/../lib/gcc/avr32/4.4.7/../../../../avr32/lib/ucr2\libc.a(lib_a-reent.o)
 .comment       0x00000000       0x31 c:/program files (x86)/atmel/atmel toolchain/avr32 gcc/native/3.4.1052/avr32-gnu-toolchain/bin/../lib/gcc/avr32/4.4.7/../../../../avr32/lib/ucr2\libc.a(lib_a-sbrkr.o)
 .comment       0x00000000       0x31 c:/program files (x86)/atmel/atmel toolchain/avr32 gcc/native/3.4.1052/avr32-gnu-toolchain/bin/../lib/gcc/avr32/4.4.7/../../../../avr32/lib/ucr2\libc.a(lib_a-freer.o)
 .comment       0x00000000       0x31 c:/program files (x86)/atmel/atmel toolchain/avr32 gcc/native/3.4.1052/avr32-gnu-toolchain/bin/../lib/gcc/avr32/4.4.7/ucr2/crtend.o

.debug
 *(.debug)

.line
 *(.line)

.debug_srcinfo
 *(.debug_srcinfo)

.debug_sfnames
 *(.debug_sfnames)

.debug_aranges  0x00000000      0x320
 *(.debug_aranges)
 .debug_aranges
                0x00000000       0x20 ScratchBot.o
 .debug_aranges
                0x00000020       0x20 c:/program files (x86)/atmel/atmel toolchain/avr32 gcc/native/3.4.1052/avr32-gnu-toolchain/bin/../lib/gcc/avr32/4.4.7/../../../../avr32/lib/ucr2\libc.a(lib_a-atexit.o)
 .debug_aranges
                0x00000040       0x20 c:/program files (x86)/atmel/atmel toolchain/avr32 gcc/native/3.4.1052/avr32-gnu-toolchain/bin/../lib/gcc/avr32/4.4.7/../../../../avr32/lib/ucr2\libc.a(lib_a-exit.o)
 .debug_aranges
                0x00000060       0xf8 c:/program files (x86)/atmel/atmel toolchain/avr32 gcc/native/3.4.1052/avr32-gnu-toolchain/bin/../lib/gcc/avr32/4.4.7/../../../../avr32/lib/ucr2\libc.a(lib_a-syscalls.o)
 .debug_aranges
                0x00000158       0x20 c:/program files (x86)/atmel/atmel toolchain/avr32 gcc/native/3.4.1052/avr32-gnu-toolchain/bin/../lib/gcc/avr32/4.4.7/../../../../avr32/lib/ucr2\libc.a(lib_a-__atexit.o)
 .debug_aranges
                0x00000178       0x20 c:/program files (x86)/atmel/atmel toolchain/avr32 gcc/native/3.4.1052/avr32-gnu-toolchain/bin/../lib/gcc/avr32/4.4.7/../../../../avr32/lib/ucr2\libc.a(lib_a-__call_atexit.o)
 .debug_aranges
                0x00000198       0x20 c:/program files (x86)/atmel/atmel toolchain/avr32 gcc/native/3.4.1052/avr32-gnu-toolchain/bin/../lib/gcc/avr32/4.4.7/../../../../avr32/lib/ucr2\libc.a(lib_a-errno.o)
 .debug_aranges
                0x000001b8       0x80 c:/program files (x86)/atmel/atmel toolchain/avr32 gcc/native/3.4.1052/avr32-gnu-toolchain/bin/../lib/gcc/avr32/4.4.7/../../../../avr32/lib/ucr2\libc.a(lib_a-findfp.o)
 .debug_aranges
                0x00000238       0x28 c:/program files (x86)/atmel/atmel toolchain/avr32 gcc/native/3.4.1052/avr32-gnu-toolchain/bin/../lib/gcc/avr32/4.4.7/../../../../avr32/lib/ucr2\libc.a(lib_a-malloc.o)
 .debug_aranges
                0x00000260       0x20 c:/program files (x86)/atmel/atmel toolchain/avr32 gcc/native/3.4.1052/avr32-gnu-toolchain/bin/../lib/gcc/avr32/4.4.7/../../../../avr32/lib/ucr2\libc.a(lib_a-mallocr.o)
 .debug_aranges
                0x00000280       0x28 c:/program files (x86)/atmel/atmel toolchain/avr32 gcc/native/3.4.1052/avr32-gnu-toolchain/bin/../lib/gcc/avr32/4.4.7/../../../../avr32/lib/ucr2\libc.a(lib_a-mlock.o)
 .debug_aranges
                0x000002a8       0x30 c:/program files (x86)/atmel/atmel toolchain/avr32 gcc/native/3.4.1052/avr32-gnu-toolchain/bin/../lib/gcc/avr32/4.4.7/../../../../avr32/lib/ucr2\libc.a(lib_a-reent.o)
 .debug_aranges
                0x000002d8       0x20 c:/program files (x86)/atmel/atmel toolchain/avr32 gcc/native/3.4.1052/avr32-gnu-toolchain/bin/../lib/gcc/avr32/4.4.7/../../../../avr32/lib/ucr2\libc.a(lib_a-sbrkr.o)
 .debug_aranges
                0x000002f8       0x28 c:/program files (x86)/atmel/atmel toolchain/avr32 gcc/native/3.4.1052/avr32-gnu-toolchain/bin/../lib/gcc/avr32/4.4.7/../../../../avr32/lib/ucr2\libc.a(lib_a-freer.o)

.debug_pubnames
                0x00000000      0x552
 *(.debug_pubnames)
 .debug_pubnames
                0x00000000       0x1b ScratchBot.o
 .debug_pubnames
                0x0000001b       0x1d c:/program files (x86)/atmel/atmel toolchain/avr32 gcc/native/3.4.1052/avr32-gnu-toolchain/bin/../lib/gcc/avr32/4.4.7/../../../../avr32/lib/ucr2\libc.a(lib_a-atexit.o)
 .debug_pubnames
                0x00000038       0x1b c:/program files (x86)/atmel/atmel toolchain/avr32 gcc/native/3.4.1052/avr32-gnu-toolchain/bin/../lib/gcc/avr32/4.4.7/../../../../avr32/lib/ucr2\libc.a(lib_a-exit.o)
 .debug_pubnames
                0x00000053       0x39 c:/program files (x86)/atmel/atmel toolchain/avr32 gcc/native/3.4.1052/avr32-gnu-toolchain/bin/../lib/gcc/avr32/4.4.7/../../../../avr32/lib/ucr2\libc.a(lib_a-impure.o)
 .debug_pubnames
                0x0000008c      0x171 c:/program files (x86)/atmel/atmel toolchain/avr32 gcc/native/3.4.1052/avr32-gnu-toolchain/bin/../lib/gcc/avr32/4.4.7/../../../../avr32/lib/ucr2\libc.a(lib_a-syscalls.o)
 .debug_pubnames
                0x000001fd       0x2a c:/program files (x86)/atmel/atmel toolchain/avr32 gcc/native/3.4.1052/avr32-gnu-toolchain/bin/../lib/gcc/avr32/4.4.7/../../../../avr32/lib/ucr2\libc.a(lib_a-__atexit.o)
 .debug_pubnames
                0x00000227       0x27 c:/program files (x86)/atmel/atmel toolchain/avr32 gcc/native/3.4.1052/avr32-gnu-toolchain/bin/../lib/gcc/avr32/4.4.7/../../../../avr32/lib/ucr2\libc.a(lib_a-__call_atexit.o)
 .debug_pubnames
                0x0000024e       0x1e c:/program files (x86)/atmel/atmel toolchain/avr32 gcc/native/3.4.1052/avr32-gnu-toolchain/bin/../lib/gcc/avr32/4.4.7/../../../../avr32/lib/ucr2\libc.a(lib_a-errno.o)
 .debug_pubnames
                0x0000026c      0x119 c:/program files (x86)/atmel/atmel toolchain/avr32 gcc/native/3.4.1052/avr32-gnu-toolchain/bin/../lib/gcc/avr32/4.4.7/../../../../avr32/lib/ucr2\libc.a(lib_a-findfp.o)
 .debug_pubnames
                0x00000385       0x26 c:/program files (x86)/atmel/atmel toolchain/avr32 gcc/native/3.4.1052/avr32-gnu-toolchain/bin/../lib/gcc/avr32/4.4.7/../../../../avr32/lib/ucr2\libc.a(lib_a-malloc.o)
 .debug_pubnames
                0x000003ab       0xce c:/program files (x86)/atmel/atmel toolchain/avr32 gcc/native/3.4.1052/avr32-gnu-toolchain/bin/../lib/gcc/avr32/4.4.7/../../../../avr32/lib/ucr2\libc.a(lib_a-mallocr.o)
 .debug_pubnames
                0x00000479       0x38 c:/program files (x86)/atmel/atmel toolchain/avr32 gcc/native/3.4.1052/avr32-gnu-toolchain/bin/../lib/gcc/avr32/4.4.7/../../../../avr32/lib/ucr2\libc.a(lib_a-mlock.o)
 .debug_pubnames
                0x000004b1       0x52 c:/program files (x86)/atmel/atmel toolchain/avr32 gcc/native/3.4.1052/avr32-gnu-toolchain/bin/../lib/gcc/avr32/4.4.7/../../../../avr32/lib/ucr2\libc.a(lib_a-reent.o)
 .debug_pubnames
                0x00000503       0x1e c:/program files (x86)/atmel/atmel toolchain/avr32 gcc/native/3.4.1052/avr32-gnu-toolchain/bin/../lib/gcc/avr32/4.4.7/../../../../avr32/lib/ucr2\libc.a(lib_a-sbrkr.o)
 .debug_pubnames
                0x00000521       0x31 c:/program files (x86)/atmel/atmel toolchain/avr32 gcc/native/3.4.1052/avr32-gnu-toolchain/bin/../lib/gcc/avr32/4.4.7/../../../../avr32/lib/ucr2\libc.a(lib_a-freer.o)

.debug_info     0x00000000     0x824e
 *(.debug_info .gnu.linkonce.wi.*)
 .debug_info    0x00000000      0x376 ScratchBot.o
 .debug_info    0x00000376       0xc5 c:/program files (x86)/atmel/atmel toolchain/avr32 gcc/native/3.4.1052/avr32-gnu-toolchain/bin/../lib/gcc/avr32/4.4.7/../../../../avr32/lib/ucr2\libc.a(lib_a-atexit.o)
 .debug_info    0x0000043b      0x8b7 c:/program files (x86)/atmel/atmel toolchain/avr32 gcc/native/3.4.1052/avr32-gnu-toolchain/bin/../lib/gcc/avr32/4.4.7/../../../../avr32/lib/ucr2\libc.a(lib_a-exit.o)
 .debug_info    0x00000cf2      0x960 c:/program files (x86)/atmel/atmel toolchain/avr32 gcc/native/3.4.1052/avr32-gnu-toolchain/bin/../lib/gcc/avr32/4.4.7/../../../../avr32/lib/ucr2\libc.a(lib_a-impure.o)
 .debug_info    0x00001652      0x93a c:/program files (x86)/atmel/atmel toolchain/avr32 gcc/native/3.4.1052/avr32-gnu-toolchain/bin/../lib/gcc/avr32/4.4.7/../../../../avr32/lib/ucr2\libc.a(lib_a-syscalls.o)
 .debug_info    0x00001f8c      0x92c c:/program files (x86)/atmel/atmel toolchain/avr32 gcc/native/3.4.1052/avr32-gnu-toolchain/bin/../lib/gcc/avr32/4.4.7/../../../../avr32/lib/ucr2\libc.a(lib_a-__atexit.o)
 .debug_info    0x000028b8      0x931 c:/program files (x86)/atmel/atmel toolchain/avr32 gcc/native/3.4.1052/avr32-gnu-toolchain/bin/../lib/gcc/avr32/4.4.7/../../../../avr32/lib/ucr2\libc.a(lib_a-__call_atexit.o)
 .debug_info    0x000031e9      0x8a6 c:/program files (x86)/atmel/atmel toolchain/avr32 gcc/native/3.4.1052/avr32-gnu-toolchain/bin/../lib/gcc/avr32/4.4.7/../../../../avr32/lib/ucr2\libc.a(lib_a-errno.o)
 .debug_info    0x00003a8f      0xc2a c:/program files (x86)/atmel/atmel toolchain/avr32 gcc/native/3.4.1052/avr32-gnu-toolchain/bin/../lib/gcc/avr32/4.4.7/../../../../avr32/lib/ucr2\libc.a(lib_a-findfp.o)
 .debug_info    0x000046b9      0x8ea c:/program files (x86)/atmel/atmel toolchain/avr32 gcc/native/3.4.1052/avr32-gnu-toolchain/bin/../lib/gcc/avr32/4.4.7/../../../../avr32/lib/ucr2\libc.a(lib_a-malloc.o)
 .debug_info    0x00004fa3      0xc4e c:/program files (x86)/atmel/atmel toolchain/avr32 gcc/native/3.4.1052/avr32-gnu-toolchain/bin/../lib/gcc/avr32/4.4.7/../../../../avr32/lib/ucr2\libc.a(lib_a-mallocr.o)
 .debug_info    0x00005bf1      0x8cf c:/program files (x86)/atmel/atmel toolchain/avr32 gcc/native/3.4.1052/avr32-gnu-toolchain/bin/../lib/gcc/avr32/4.4.7/../../../../avr32/lib/ucr2\libc.a(lib_a-mlock.o)
 .debug_info    0x000064c0      0x973 c:/program files (x86)/atmel/atmel toolchain/avr32 gcc/native/3.4.1052/avr32-gnu-toolchain/bin/../lib/gcc/avr32/4.4.7/../../../../avr32/lib/ucr2\libc.a(lib_a-reent.o)
 .debug_info    0x00006e33      0x8de c:/program files (x86)/atmel/atmel toolchain/avr32 gcc/native/3.4.1052/avr32-gnu-toolchain/bin/../lib/gcc/avr32/4.4.7/../../../../avr32/lib/ucr2\libc.a(lib_a-sbrkr.o)
 .debug_info    0x00007711      0xb3d c:/program files (x86)/atmel/atmel toolchain/avr32 gcc/native/3.4.1052/avr32-gnu-toolchain/bin/../lib/gcc/avr32/4.4.7/../../../../avr32/lib/ucr2\libc.a(lib_a-freer.o)

.debug_abbrev   0x00000000     0x1751
 *(.debug_abbrev)
 .debug_abbrev  0x00000000      0x114 ScratchBot.o
 .debug_abbrev  0x00000114       0x81 c:/program files (x86)/atmel/atmel toolchain/avr32 gcc/native/3.4.1052/avr32-gnu-toolchain/bin/../lib/gcc/avr32/4.4.7/../../../../avr32/lib/ucr2\libc.a(lib_a-atexit.o)
 .debug_abbrev  0x00000195      0x15f c:/program files (x86)/atmel/atmel toolchain/avr32 gcc/native/3.4.1052/avr32-gnu-toolchain/bin/../lib/gcc/avr32/4.4.7/../../../../avr32/lib/ucr2\libc.a(lib_a-exit.o)
 .debug_abbrev  0x000002f4      0x160 c:/program files (x86)/atmel/atmel toolchain/avr32 gcc/native/3.4.1052/avr32-gnu-toolchain/bin/../lib/gcc/avr32/4.4.7/../../../../avr32/lib/ucr2\libc.a(lib_a-impure.o)
 .debug_abbrev  0x00000454      0x19a c:/program files (x86)/atmel/atmel toolchain/avr32 gcc/native/3.4.1052/avr32-gnu-toolchain/bin/../lib/gcc/avr32/4.4.7/../../../../avr32/lib/ucr2\libc.a(lib_a-syscalls.o)
 .debug_abbrev  0x000005ee      0x1b5 c:/program files (x86)/atmel/atmel toolchain/avr32 gcc/native/3.4.1052/avr32-gnu-toolchain/bin/../lib/gcc/avr32/4.4.7/../../../../avr32/lib/ucr2\libc.a(lib_a-__atexit.o)
 .debug_abbrev  0x000007a3      0x1bc c:/program files (x86)/atmel/atmel toolchain/avr32 gcc/native/3.4.1052/avr32-gnu-toolchain/bin/../lib/gcc/avr32/4.4.7/../../../../avr32/lib/ucr2\libc.a(lib_a-__call_atexit.o)
 .debug_abbrev  0x0000095f      0x150 c:/program files (x86)/atmel/atmel toolchain/avr32 gcc/native/3.4.1052/avr32-gnu-toolchain/bin/../lib/gcc/avr32/4.4.7/../../../../avr32/lib/ucr2\libc.a(lib_a-errno.o)
 .debug_abbrev  0x00000aaf      0x28c c:/program files (x86)/atmel/atmel toolchain/avr32 gcc/native/3.4.1052/avr32-gnu-toolchain/bin/../lib/gcc/avr32/4.4.7/../../../../avr32/lib/ucr2\libc.a(lib_a-findfp.o)
 .debug_abbrev  0x00000d3b      0x178 c:/program files (x86)/atmel/atmel toolchain/avr32 gcc/native/3.4.1052/avr32-gnu-toolchain/bin/../lib/gcc/avr32/4.4.7/../../../../avr32/lib/ucr2\libc.a(lib_a-malloc.o)
 .debug_abbrev  0x00000eb3      0x205 c:/program files (x86)/atmel/atmel toolchain/avr32 gcc/native/3.4.1052/avr32-gnu-toolchain/bin/../lib/gcc/avr32/4.4.7/../../../../avr32/lib/ucr2\libc.a(lib_a-mallocr.o)
 .debug_abbrev  0x000010b8      0x15b c:/program files (x86)/atmel/atmel toolchain/avr32 gcc/native/3.4.1052/avr32-gnu-toolchain/bin/../lib/gcc/avr32/4.4.7/../../../../avr32/lib/ucr2\libc.a(lib_a-mlock.o)
 .debug_abbrev  0x00001213      0x1e6 c:/program files (x86)/atmel/atmel toolchain/avr32 gcc/native/3.4.1052/avr32-gnu-toolchain/bin/../lib/gcc/avr32/4.4.7/../../../../avr32/lib/ucr2\libc.a(lib_a-reent.o)
 .debug_abbrev  0x000013f9      0x17f c:/program files (x86)/atmel/atmel toolchain/avr32 gcc/native/3.4.1052/avr32-gnu-toolchain/bin/../lib/gcc/avr32/4.4.7/../../../../avr32/lib/ucr2\libc.a(lib_a-sbrkr.o)
 .debug_abbrev  0x00001578      0x1d9 c:/program files (x86)/atmel/atmel toolchain/avr32 gcc/native/3.4.1052/avr32-gnu-toolchain/bin/../lib/gcc/avr32/4.4.7/../../../../avr32/lib/ucr2\libc.a(lib_a-freer.o)

.debug_line     0x00000000     0x2b4b
 *(.debug_line)
 .debug_line    0x00000000      0x24e ScratchBot.o
 .debug_line    0x0000024e      0x120 c:/program files (x86)/atmel/atmel toolchain/avr32 gcc/native/3.4.1052/avr32-gnu-toolchain/bin/../lib/gcc/avr32/4.4.7/../../../../avr32/lib/ucr2\libc.a(lib_a-atexit.o)
 .debug_line    0x0000036e      0x244 c:/program files (x86)/atmel/atmel toolchain/avr32 gcc/native/3.4.1052/avr32-gnu-toolchain/bin/../lib/gcc/avr32/4.4.7/../../../../avr32/lib/ucr2\libc.a(lib_a-exit.o)
 .debug_line    0x000005b2      0x1a3 c:/program files (x86)/atmel/atmel toolchain/avr32 gcc/native/3.4.1052/avr32-gnu-toolchain/bin/../lib/gcc/avr32/4.4.7/../../../../avr32/lib/ucr2\libc.a(lib_a-impure.o)
 .debug_line    0x00000755      0x586 c:/program files (x86)/atmel/atmel toolchain/avr32 gcc/native/3.4.1052/avr32-gnu-toolchain/bin/../lib/gcc/avr32/4.4.7/../../../../avr32/lib/ucr2\libc.a(lib_a-syscalls.o)
 .debug_line    0x00000cdb      0x25e c:/program files (x86)/atmel/atmel toolchain/avr32 gcc/native/3.4.1052/avr32-gnu-toolchain/bin/../lib/gcc/avr32/4.4.7/../../../../avr32/lib/ucr2\libc.a(lib_a-__atexit.o)
 .debug_line    0x00000f39      0x2a1 c:/program files (x86)/atmel/atmel toolchain/avr32 gcc/native/3.4.1052/avr32-gnu-toolchain/bin/../lib/gcc/avr32/4.4.7/../../../../avr32/lib/ucr2\libc.a(lib_a-__call_atexit.o)
 .debug_line    0x000011da      0x1c9 c:/program files (x86)/atmel/atmel toolchain/avr32 gcc/native/3.4.1052/avr32-gnu-toolchain/bin/../lib/gcc/avr32/4.4.7/../../../../avr32/lib/ucr2\libc.a(lib_a-errno.o)
 .debug_line    0x000013a3      0x5a4 c:/program files (x86)/atmel/atmel toolchain/avr32 gcc/native/3.4.1052/avr32-gnu-toolchain/bin/../lib/gcc/avr32/4.4.7/../../../../avr32/lib/ucr2\libc.a(lib_a-findfp.o)
 .debug_line    0x00001947      0x24c c:/program files (x86)/atmel/atmel toolchain/avr32 gcc/native/3.4.1052/avr32-gnu-toolchain/bin/../lib/gcc/avr32/4.4.7/../../../../avr32/lib/ucr2\libc.a(lib_a-malloc.o)
 .debug_line    0x00001b93      0x56c c:/program files (x86)/atmel/atmel toolchain/avr32 gcc/native/3.4.1052/avr32-gnu-toolchain/bin/../lib/gcc/avr32/4.4.7/../../../../avr32/lib/ucr2\libc.a(lib_a-mallocr.o)
 .debug_line    0x000020ff      0x1cf c:/program files (x86)/atmel/atmel toolchain/avr32 gcc/native/3.4.1052/avr32-gnu-toolchain/bin/../lib/gcc/avr32/4.4.7/../../../../avr32/lib/ucr2\libc.a(lib_a-mlock.o)
 .debug_line    0x000022ce      0x2e7 c:/program files (x86)/atmel/atmel toolchain/avr32 gcc/native/3.4.1052/avr32-gnu-toolchain/bin/../lib/gcc/avr32/4.4.7/../../../../avr32/lib/ucr2\libc.a(lib_a-reent.o)
 .debug_line    0x000025b5      0x24f c:/program files (x86)/atmel/atmel toolchain/avr32 gcc/native/3.4.1052/avr32-gnu-toolchain/bin/../lib/gcc/avr32/4.4.7/../../../../avr32/lib/ucr2\libc.a(lib_a-sbrkr.o)
 .debug_line    0x00002804      0x347 c:/program files (x86)/atmel/atmel toolchain/avr32 gcc/native/3.4.1052/avr32-gnu-toolchain/bin/../lib/gcc/avr32/4.4.7/../../../../avr32/lib/ucr2\libc.a(lib_a-freer.o)

.debug_frame    0x00000000      0x6b8
 *(.debug_frame)
 .debug_frame   0x00000000       0x4c c:/program files (x86)/atmel/atmel toolchain/avr32 gcc/native/3.4.1052/avr32-gnu-toolchain/bin/../lib/gcc/avr32/4.4.7/ucr2/crtbegin.o
 .debug_frame   0x0000004c       0x20 ScratchBot.o
 .debug_frame   0x0000006c       0x28 c:/program files (x86)/atmel/atmel toolchain/avr32 gcc/native/3.4.1052/avr32-gnu-toolchain/bin/../lib/gcc/avr32/4.4.7/../../../../avr32/lib/ucr2\libc.a(lib_a-atexit.o)
 .debug_frame   0x00000094       0x34 c:/program files (x86)/atmel/atmel toolchain/avr32 gcc/native/3.4.1052/avr32-gnu-toolchain/bin/../lib/gcc/avr32/4.4.7/../../../../avr32/lib/ucr2\libc.a(lib_a-exit.o)
 .debug_frame   0x000000c8      0x220 c:/program files (x86)/atmel/atmel toolchain/avr32 gcc/native/3.4.1052/avr32-gnu-toolchain/bin/../lib/gcc/avr32/4.4.7/../../../../avr32/lib/ucr2\libc.a(lib_a-syscalls.o)
 .debug_frame   0x000002e8       0x40 c:/program files (x86)/atmel/atmel toolchain/avr32 gcc/native/3.4.1052/avr32-gnu-toolchain/bin/../lib/gcc/avr32/4.4.7/../../../../avr32/lib/ucr2\libc.a(lib_a-__atexit.o)
 .debug_frame   0x00000328       0x44 c:/program files (x86)/atmel/atmel toolchain/avr32 gcc/native/3.4.1052/avr32-gnu-toolchain/bin/../lib/gcc/avr32/4.4.7/../../../../avr32/lib/ucr2\libc.a(lib_a-__call_atexit.o)
 .debug_frame   0x0000036c       0x20 c:/program files (x86)/atmel/atmel toolchain/avr32 gcc/native/3.4.1052/avr32-gnu-toolchain/bin/../lib/gcc/avr32/4.4.7/../../../../avr32/lib/ucr2\libc.a(lib_a-errno.o)
 .debug_frame   0x0000038c      0x13c c:/program files (x86)/atmel/atmel toolchain/avr32 gcc/native/3.4.1052/avr32-gnu-toolchain/bin/../lib/gcc/avr32/4.4.7/../../../../avr32/lib/ucr2\libc.a(lib_a-findfp.o)
 .debug_frame   0x000004c8       0x40 c:/program files (x86)/atmel/atmel toolchain/avr32 gcc/native/3.4.1052/avr32-gnu-toolchain/bin/../lib/gcc/avr32/4.4.7/../../../../avr32/lib/ucr2\libc.a(lib_a-malloc.o)
 .debug_frame   0x00000508       0x40 c:/program files (x86)/atmel/atmel toolchain/avr32 gcc/native/3.4.1052/avr32-gnu-toolchain/bin/../lib/gcc/avr32/4.4.7/../../../../avr32/lib/ucr2\libc.a(lib_a-mallocr.o)
 .debug_frame   0x00000548       0x30 c:/program files (x86)/atmel/atmel toolchain/avr32 gcc/native/3.4.1052/avr32-gnu-toolchain/bin/../lib/gcc/avr32/4.4.7/../../../../avr32/lib/ucr2\libc.a(lib_a-mlock.o)
 .debug_frame   0x00000578       0x80 c:/program files (x86)/atmel/atmel toolchain/avr32 gcc/native/3.4.1052/avr32-gnu-toolchain/bin/../lib/gcc/avr32/4.4.7/../../../../avr32/lib/ucr2\libc.a(lib_a-reent.o)
 .debug_frame   0x000005f8       0x34 c:/program files (x86)/atmel/atmel toolchain/avr32 gcc/native/3.4.1052/avr32-gnu-toolchain/bin/../lib/gcc/avr32/4.4.7/../../../../avr32/lib/ucr2\libc.a(lib_a-sbrkr.o)
 .debug_frame   0x0000062c       0x58 c:/program files (x86)/atmel/atmel toolchain/avr32 gcc/native/3.4.1052/avr32-gnu-toolchain/bin/../lib/gcc/avr32/4.4.7/../../../../avr32/lib/ucr2\libc.a(lib_a-freer.o)
 .debug_frame   0x00000684       0x34 c:/program files (x86)/atmel/atmel toolchain/avr32 gcc/native/3.4.1052/avr32-gnu-toolchain/bin/../lib/gcc/avr32/4.4.7/ucr2/crtend.o

.debug_str      0x00000000     0x1342
 *(.debug_str)
 .debug_str     0x00000000      0x33e ScratchBot.o
                                0x364 (size before relaxing)
 .debug_str     0x0000033e       0xf6 c:/program files (x86)/atmel/atmel toolchain/avr32 gcc/native/3.4.1052/avr32-gnu-toolchain/bin/../lib/gcc/avr32/4.4.7/../../../../avr32/lib/ucr2\libc.a(lib_a-atexit.o)
                                0x136 (size before relaxing)
 .debug_str     0x00000434      0x3bc c:/program files (x86)/atmel/atmel toolchain/avr32 gcc/native/3.4.1052/avr32-gnu-toolchain/bin/../lib/gcc/avr32/4.4.7/../../../../avr32/lib/ucr2\libc.a(lib_a-exit.o)
                                0x4b0 (size before relaxing)
 .debug_str     0x000007f0       0xb4 c:/program files (x86)/atmel/atmel toolchain/avr32 gcc/native/3.4.1052/avr32-gnu-toolchain/bin/../lib/gcc/avr32/4.4.7/../../../../avr32/lib/ucr2\libc.a(lib_a-impure.o)
                                0x4fe (size before relaxing)
 .debug_str     0x000008a4      0x32f c:/program files (x86)/atmel/atmel toolchain/avr32 gcc/native/3.4.1052/avr32-gnu-toolchain/bin/../lib/gcc/avr32/4.4.7/../../../../avr32/lib/ucr2\libc.a(lib_a-syscalls.o)
                                0x439 (size before relaxing)
 .debug_str     0x00000bd3       0x85 c:/program files (x86)/atmel/atmel toolchain/avr32 gcc/native/3.4.1052/avr32-gnu-toolchain/bin/../lib/gcc/avr32/4.4.7/../../../../avr32/lib/ucr2\libc.a(lib_a-__atexit.o)
                                0x4fd (size before relaxing)
 .debug_str     0x00000c58       0x90 c:/program files (x86)/atmel/atmel toolchain/avr32 gcc/native/3.4.1052/avr32-gnu-toolchain/bin/../lib/gcc/avr32/4.4.7/../../../../avr32/lib/ucr2\libc.a(lib_a-__call_atexit.o)
                                0x4d8 (size before relaxing)
 .debug_str     0x00000ce8       0x70 c:/program files (x86)/atmel/atmel toolchain/avr32 gcc/native/3.4.1052/avr32-gnu-toolchain/bin/../lib/gcc/avr32/4.4.7/../../../../avr32/lib/ucr2\libc.a(lib_a-errno.o)
                                0x4a7 (size before relaxing)
 .debug_str     0x00000d58      0x131 c:/program files (x86)/atmel/atmel toolchain/avr32 gcc/native/3.4.1052/avr32-gnu-toolchain/bin/../lib/gcc/avr32/4.4.7/../../../../avr32/lib/ucr2\libc.a(lib_a-findfp.o)
                                0x5d8 (size before relaxing)
 .debug_str     0x00000e89       0x89 c:/program files (x86)/atmel/atmel toolchain/avr32 gcc/native/3.4.1052/avr32-gnu-toolchain/bin/../lib/gcc/avr32/4.4.7/../../../../avr32/lib/ucr2\libc.a(lib_a-malloc.o)
                                0x4c0 (size before relaxing)
 .debug_str     0x00000f12      0x237 c:/program files (x86)/atmel/atmel toolchain/avr32 gcc/native/3.4.1052/avr32-gnu-toolchain/bin/../lib/gcc/avr32/4.4.7/../../../../avr32/lib/ucr2\libc.a(lib_a-mallocr.o)
                                0x695 (size before relaxing)
 .debug_str     0x00001149       0x9c c:/program files (x86)/atmel/atmel toolchain/avr32 gcc/native/3.4.1052/avr32-gnu-toolchain/bin/../lib/gcc/avr32/4.4.7/../../../../avr32/lib/ucr2\libc.a(lib_a-mlock.o)
                                0x4c7 (size before relaxing)
 .debug_str     0x000011e5       0xa2 c:/program files (x86)/atmel/atmel toolchain/avr32 gcc/native/3.4.1052/avr32-gnu-toolchain/bin/../lib/gcc/avr32/4.4.7/../../../../avr32/lib/ucr2\libc.a(lib_a-reent.o)
                                0x4e4 (size before relaxing)
 .debug_str     0x00001287       0x7f c:/program files (x86)/atmel/atmel toolchain/avr32 gcc/native/3.4.1052/avr32-gnu-toolchain/bin/../lib/gcc/avr32/4.4.7/../../../../avr32/lib/ucr2\libc.a(lib_a-sbrkr.o)
                                0x4b0 (size before relaxing)
 .debug_str     0x00001306       0x3c c:/program files (x86)/atmel/atmel toolchain/avr32 gcc/native/3.4.1052/avr32-gnu-toolchain/bin/../lib/gcc/avr32/4.4.7/../../../../avr32/lib/ucr2\libc.a(lib_a-freer.o)
                                0x5e7 (size before relaxing)

.debug_loc      0x00000000     0x1149
 *(.debug_loc)
 .debug_loc     0x00000000       0x32 c:/program files (x86)/atmel/atmel toolchain/avr32 gcc/native/3.4.1052/avr32-gnu-toolchain/bin/../lib/gcc/avr32/4.4.7/../../../../avr32/lib/ucr2\libc.a(lib_a-atexit.o)
 .debug_loc     0x00000032       0x3d c:/program files (x86)/atmel/atmel toolchain/avr32 gcc/native/3.4.1052/avr32-gnu-toolchain/bin/../lib/gcc/avr32/4.4.7/../../../../avr32/lib/ucr2\libc.a(lib_a-exit.o)
 .debug_loc     0x0000006f      0x268 c:/program files (x86)/atmel/atmel toolchain/avr32 gcc/native/3.4.1052/avr32-gnu-toolchain/bin/../lib/gcc/avr32/4.4.7/../../../../avr32/lib/ucr2\libc.a(lib_a-syscalls.o)
 .debug_loc     0x000002d7       0xe9 c:/program files (x86)/atmel/atmel toolchain/avr32 gcc/native/3.4.1052/avr32-gnu-toolchain/bin/../lib/gcc/avr32/4.4.7/../../../../avr32/lib/ucr2\libc.a(lib_a-__atexit.o)
 .debug_loc     0x000003c0       0xf0 c:/program files (x86)/atmel/atmel toolchain/avr32 gcc/native/3.4.1052/avr32-gnu-toolchain/bin/../lib/gcc/avr32/4.4.7/../../../../avr32/lib/ucr2\libc.a(lib_a-__call_atexit.o)
 .debug_loc     0x000004b0      0x202 c:/program files (x86)/atmel/atmel toolchain/avr32 gcc/native/3.4.1052/avr32-gnu-toolchain/bin/../lib/gcc/avr32/4.4.7/../../../../avr32/lib/ucr2\libc.a(lib_a-findfp.o)
 .debug_loc     0x000006b2       0x64 c:/program files (x86)/atmel/atmel toolchain/avr32 gcc/native/3.4.1052/avr32-gnu-toolchain/bin/../lib/gcc/avr32/4.4.7/../../../../avr32/lib/ucr2\libc.a(lib_a-malloc.o)
 .debug_loc     0x00000716      0x59a c:/program files (x86)/atmel/atmel toolchain/avr32 gcc/native/3.4.1052/avr32-gnu-toolchain/bin/../lib/gcc/avr32/4.4.7/../../../../avr32/lib/ucr2\libc.a(lib_a-mallocr.o)
 .debug_loc     0x00000cb0      0x10a c:/program files (x86)/atmel/atmel toolchain/avr32 gcc/native/3.4.1052/avr32-gnu-toolchain/bin/../lib/gcc/avr32/4.4.7/../../../../avr32/lib/ucr2\libc.a(lib_a-reent.o)
 .debug_loc     0x00000dba       0x63 c:/program files (x86)/atmel/atmel toolchain/avr32 gcc/native/3.4.1052/avr32-gnu-toolchain/bin/../lib/gcc/avr32/4.4.7/../../../../avr32/lib/ucr2\libc.a(lib_a-sbrkr.o)
 .debug_loc     0x00000e1d      0x32c c:/program files (x86)/atmel/atmel toolchain/avr32 gcc/native/3.4.1052/avr32-gnu-toolchain/bin/../lib/gcc/avr32/4.4.7/../../../../avr32/lib/ucr2\libc.a(lib_a-freer.o)

.debug_macinfo  0x00000000    0xdcabc
 *(.debug_macinfo)
 .debug_macinfo
                0x00000000    0xdcabc ScratchBot.o

.debug_weaknames
 *(.debug_weaknames)

.debug_funcnames
 *(.debug_funcnames)

.debug_typenames
 *(.debug_typenames)

.debug_varnames
 *(.debug_varnames)

.stack          0x00007000     0x1000
                0x00007000                _stack = .
 *(.stack)
                0x00001000                . = _stack_size
 *fill*         0x00007000     0x1000 
                0x00008000                _estack = .

.userpage
 *(.userpage .userpage.*)

.factorypage
 *(.factorypage .factorypage.*)

/DISCARD/
 *(.note.GNU-stack)
OUTPUT(ScratchBot.elf elf32-avr32)

.debug_ranges   0x00000000      0x2e8
 .debug_ranges  0x00000000       0x18 ScratchBot.o
 .debug_ranges  0x00000018       0x18 c:/program files (x86)/atmel/atmel toolchain/avr32 gcc/native/3.4.1052/avr32-gnu-toolchain/bin/../lib/gcc/avr32/4.4.7/../../../../avr32/lib/ucr2\libc.a(lib_a-atexit.o)
 .debug_ranges  0x00000030       0x18 c:/program files (x86)/atmel/atmel toolchain/avr32 gcc/native/3.4.1052/avr32-gnu-toolchain/bin/../lib/gcc/avr32/4.4.7/../../../../avr32/lib/ucr2\libc.a(lib_a-exit.o)
 .debug_ranges  0x00000048       0xf0 c:/program files (x86)/atmel/atmel toolchain/avr32 gcc/native/3.4.1052/avr32-gnu-toolchain/bin/../lib/gcc/avr32/4.4.7/../../../../avr32/lib/ucr2\libc.a(lib_a-syscalls.o)
 .debug_ranges  0x00000138       0x18 c:/program files (x86)/atmel/atmel toolchain/avr32 gcc/native/3.4.1052/avr32-gnu-toolchain/bin/../lib/gcc/avr32/4.4.7/../../../../avr32/lib/ucr2\libc.a(lib_a-__atexit.o)
 .debug_ranges  0x00000150       0x18 c:/program files (x86)/atmel/atmel toolchain/avr32 gcc/native/3.4.1052/avr32-gnu-toolchain/bin/../lib/gcc/avr32/4.4.7/../../../../avr32/lib/ucr2\libc.a(lib_a-__call_atexit.o)
 .debug_ranges  0x00000168       0x18 c:/program files (x86)/atmel/atmel toolchain/avr32 gcc/native/3.4.1052/avr32-gnu-toolchain/bin/../lib/gcc/avr32/4.4.7/../../../../avr32/lib/ucr2\libc.a(lib_a-errno.o)
 .debug_ranges  0x00000180       0xb0 c:/program files (x86)/atmel/atmel toolchain/avr32 gcc/native/3.4.1052/avr32-gnu-toolchain/bin/../lib/gcc/avr32/4.4.7/../../../../avr32/lib/ucr2\libc.a(lib_a-findfp.o)
 .debug_ranges  0x00000230       0x20 c:/program files (x86)/atmel/atmel toolchain/avr32 gcc/native/3.4.1052/avr32-gnu-toolchain/bin/../lib/gcc/avr32/4.4.7/../../../../avr32/lib/ucr2\libc.a(lib_a-malloc.o)
 .debug_ranges  0x00000250       0x18 c:/program files (x86)/atmel/atmel toolchain/avr32 gcc/native/3.4.1052/avr32-gnu-toolchain/bin/../lib/gcc/avr32/4.4.7/../../../../avr32/lib/ucr2\libc.a(lib_a-mallocr.o)
 .debug_ranges  0x00000268       0x20 c:/program files (x86)/atmel/atmel toolchain/avr32 gcc/native/3.4.1052/avr32-gnu-toolchain/bin/../lib/gcc/avr32/4.4.7/../../../../avr32/lib/ucr2\libc.a(lib_a-mlock.o)
 .debug_ranges  0x00000288       0x28 c:/program files (x86)/atmel/atmel toolchain/avr32 gcc/native/3.4.1052/avr32-gnu-toolchain/bin/../lib/gcc/avr32/4.4.7/../../../../avr32/lib/ucr2\libc.a(lib_a-reent.o)
 .debug_ranges  0x000002b0       0x18 c:/program files (x86)/atmel/atmel toolchain/avr32 gcc/native/3.4.1052/avr32-gnu-toolchain/bin/../lib/gcc/avr32/4.4.7/../../../../avr32/lib/ucr2\libc.a(lib_a-sbrkr.o)
 .debug_ranges  0x000002c8       0x20 c:/program files (x86)/atmel/atmel toolchain/avr32 gcc/native/3.4.1052/avr32-gnu-toolchain/bin/../lib/gcc/avr32/4.4.7/../../../../avr32/lib/ucr2\libc.a(lib_a-freer.o)
